cub
48

1 0 0 
0 1 0 
0 0 1 

0 0 1 
0 1 0 
1 0 0 

0 0 1 
0 1 0 
-1 0 0 

0 0 1 
0 -1 0 
1 0 0 

0 0 1 
0 -1 0 
-1 0 0 

0 0 1 
1 0 0 
0 1 0 

0 0 1 
1 0 0 
0 -1 0 

0 0 1 
-1 0 0 
0 1 0 

0 0 1 
-1 0 0 
0 -1 0 

0 0 -1 
0 1 0 
1 0 0 

0 0 -1 
0 1 0 
-1 0 0 

0 0 -1 
0 -1 0 
1 0 0 

0 0 -1 
0 -1 0 
-1 0 0 

0 0 -1 
1 0 0 
0 1 0 

0 0 -1 
1 0 0 
0 -1 0 

0 0 -1 
-1 0 0 
0 1 0 

0 0 -1 
-1 0 0 
0 -1 0 

0 1 0 
0 0 1 
1 0 0 

0 1 0 
0 0 1 
-1 0 0 

0 1 0 
0 0 -1 
1 0 0 

0 1 0 
0 0 -1 
-1 0 0 

0 1 0 
1 0 0 
0 0 1 

0 1 0 
1 0 0 
0 0 -1 

0 1 0 
-1 0 0 
0 0 1 

0 1 0 
-1 0 0 
0 0 -1 

0 -1 0 
0 0 1 
1 0 0 

0 -1 0 
0 0 1 
-1 0 0 

0 -1 0 
0 0 -1 
1 0 0 

0 -1 0 
0 0 -1 
-1 0 0 

0 -1 0 
1 0 0 
0 0 1 

0 -1 0 
1 0 0 
0 0 -1 

0 -1 0 
-1 0 0 
0 0 1 

0 -1 0 
-1 0 0 
0 0 -1 

1 0 0 
0 0 1 
0 1 0 

1 0 0 
0 0 1 
0 -1 0 

1 0 0 
0 0 -1 
0 1 0 

1 0 0 
0 0 -1 
0 -1 0 

1 0 0 
0 1 0 
0 0 -1 

1 0 0 
0 -1 0 
0 0 1 

1 0 0 
0 -1 0 
0 0 -1 

-1 0 0 
0 0 1 
0 1 0 

-1 0 0 
0 0 1 
0 -1 0 

-1 0 0 
0 0 -1 
0 1 0 

-1 0 0 
0 0 -1 
0 -1 0 

-1 0 0 
0 1 0 
0 0 1 

-1 0 0 
0 1 0 
0 0 -1 

-1 0 0 
0 -1 0 
0 0 1 

-1 0 0 
0 -1 0 
0 0 -1 

normalizing : 
   RDFLUUFRDDFRLLLFR --> FRUBLLUFRRUFBBBUF
   RBULFFURBBURLLLUR --> FRUBLLUFRRUFBBBUF
   RFULBBURFFURLLLUR --> FRUBLLUFRRUFBBBUF
   RUFLDDFRUUFRLLLFR --> FRUBLLUFRRUFBBBUF
   DRFULLFDRRFDUUUFD --> FRUBLLUFRRUFBBBUF
   DBLUFFLDBBLDUUULD --> FRUBLLUFRRUFBBBUF
   DFLUBBLDFFLDUUULD --> FRUBLLUFRRUFBBBUF
   DLFURRFDLLFDUUUFD --> FRUBLLUFRRUFBBBUF
   BRUFLLUBRRUBFFFUB --> FRUBLLUFRRUFBBBUF
   BDLFUULBDDLBFFFLB --> FRUBLLUFRRUFBBBUF
   BULFDDLBUULBFFFLB --> FRUBLLUFRRUFBBBUF
   BLUFRRUBLLUBFFFUB --> FRUBLLUFRRUFBBBUF
   FRUBLLUFRRUFBBBUF --> FRUBLLUFRRUFBBBUF
   FDLBUULFDDLFBBBLF --> FRUBLLUFRRUFBBBUF
   FULBDDLFUULFBBBLF --> FRUBLLUFRRUFBBBUF
   FLUBRRUFLLUFBBBUF --> FRUBLLUFRRUFBBBUF
   URFDLLFURRFUDDDFU --> FRUBLLUFRRUFBBBUF
   UBLDFFLUBBLUDDDLU --> FRUBLLUFRRUFBBBUF
   UFLDBBLUFFLUDDDLU --> FRUBLLUFRRUFBBBUF
   ULFDRRFULLFUDDDFU --> FRUBLLUFRRUFBBBUF
   LDFRUUFLDDFLRRRFL --> FRUBLLUFRRUFBBBUF
   LBURFFULBBULRRRUL --> FRUBLLUFRRUFBBBUF
   LFURBBULFFULRRRUL --> FRUBLLUFRRUFBBBUF
   LUFRDDFLUUFLRRRFL --> FRUBLLUFRRUFBBBUF

