========== BEGIN OF TEST =================
 testing : lattice utilities
==========================================
  s = {  }
  p = {  }
  isSubSet(s,p) = true
  s = {  (0  0  0), (0  0  1), (0  1  0), (0  1  1), (0  2  0), }
  p = {  (2  1  2), (2  2  2), }
  isSubSet(s,p) = true
  isSubSet(p,s) = false
  s = {  (0  0  0), (0  0  1), (0  1  0), (0  1  1), (0  2  0), }
  p = {  (2  1  2), (2  1  4), (2  2  2), }
  isSubSet(s,p) = false
============= END OF TEST ================

